---
source: tui/src/history_cell/tests.rs
assertion_line: 1153
expression: rendered
---
╭─────────────────────────────────────────────────────────╮
│ ✨ Update available! 0.2.1 -> 9.9.9                     │
│ Run brew upgrade macguffinQ/tap/tiffany-loop to update. │
│                                                         │
│ See full release notes:                                 │
│ https://github.com/macguffinQ/Tiffany/releases/latest   │
╰─────────────────────────────────────────────────────────╯
