---
source: tui/src/bottom_pane/chat_composer.rs
assertion_line: 4660
expression: terminal.backend()
---
"                                                                                                    "
"› Ask tiffany-loop to do anything                                                                   "
"                                                                                                    "
"                                                                                                    "
"                                                                                                    "
"                                                                                                    "
"                                                                                                    "
"                                                                                                    "
"  ctrl + c again to quit                                                                            "
