---
source: tui/src/app/tests.rs
assertion_line: 4027
expression: rendered
---
╭────────────────────────────────────────────────────╮
│ >_ tiffany-loop (v<VERSION>)                       │
│                                                    │
│ model:     gpt-5.4 xhigh   fast   /model to change │
│ directory: /tmp/project                            │
╰────────────────────────────────────────────────────╯
