---
source: tui/src/chatwidget/tests/popups_and_settings.rs
assertion_line: 2503
expression: popup
---
  Memories
  Choose how tiffany-loop uses memories. Saved to config.toml

› [x] Use memories       Use memories in the following threads. Applied at
                         next thread.
  [ ] Generate memories  Generate memories from the following threads. Current
                         thread included.
  Reset all memories     Clear local memory files and summaries. Existing
                         threads stay intact.

  Learn more: https://github.com/macguffinQ/Tiffany/blob/main/tiffany-ui/docs

  Press space to toggle; enter to save or select
