---
source: tui/src/chatwidget/tests/mcp_startup.rs
assertion_line: 246
expression: normalize_snapshot_paths(term.backend().vt100().screen().contents())
---



⚠ MCP client for `alpha` failed to start: handshake failed
⚠ MCP startup incomplete (failed: alpha)


› Ask tiffany-loop to do anything

  gpt-5.5 default · /tmp/project
